{"level":"info","message":"[main] Strapi system client connected","socketId":"RAtl5FexjXIf9iJdAAAB","timestamp":"2026-08-19T12:56:49.544Z"}
{"level":"info","message":"[strapi-relay] Strapi system client disconnected","reason":"transport close","timestamp":"2026-08-19T13:22:49.844Z"}
{"level":"info","message":"[main] Strapi system client connected","socketId":"nhktZbVYKgQ466DUAAAD","timestamp":"2026-08-20T01:49:26.759Z"}
{"level":"info","message":"[strapi-relay] Strapi system client disconnected","reason":"ping timeout","timestamp":"2026-08-20T01:53:39.269Z"}
{"level":"info","message":"[main] Strapi system client connected","socketId":"V2gwTN_pSHQS6BqRAAAF","timestamp":"2026-08-20T01:56:27.631Z"}
{"level":"info","message":"[strapi-relay] Strapi system client disconnected","reason":"transport close","timestamp":"2026-08-20T12:06:38.677Z"}
{"level":"info","message":"[main] Strapi system client connected","socketId":"hMcvZ0vUyPwdPe1pAAAH","timestamp":"2026-08-20T12:10:59.224Z"}
{"level":"info","message":"[main] Strapi system client connected","socketId":"V5673ddZDBi0JflPAAAJ","timestamp":"2026-08-20T12:14:49.965Z"}
{"level":"info","message":"[strapi-relay] Strapi system client disconnected","reason":"transport close","timestamp":"2026-08-20T16:52:45.021Z"}
{"level":"info","message":"[main] Strapi system client connected","socketId":"5wwqg_EGT0vRxLJwAAAL","timestamp":"2026-08-20T16:52:48.565Z"}
{"level":"info","message":"[strapi-relay] Strapi system client disconnected","reason":"transport error","timestamp":"2026-08-20T17:17:34.910Z"}
{"level":"info","message":"[main] Strapi system client connected","socketId":"qH6ytsMvQ1Mr-5fTAAAN","timestamp":"2026-08-20T17:17:36.952Z"}
{"level":"info","message":"[strapi-relay] Strapi system client disconnected","reason":"transport error","timestamp":"2026-08-20T17:46:22.962Z"}
{"level":"info","message":"[main] Strapi system client connected","socketId":"eDQfkefDeOpL4lp1AAAP","timestamp":"2026-08-20T17:46:24.812Z"}
{"level":"info","message":"[main] Strapi system client connected","socketId":"Cr2FCakyLSHtaVi1AAAR","timestamp":"2026-08-20T17:55:28.832Z"}
{"level":"info","message":"[strapi-relay] Strapi system client disconnected","reason":"transport error","timestamp":"2026-08-20T19:51:06.944Z"}
{"level":"info","message":"[main] Strapi system client connected","socketId":"dJdBlLAmuHHpxGBZAAAT","timestamp":"2026-08-20T19:51:11.163Z"}
{"level":"info","message":"[strapi-relay] Strapi system client disconnected","reason":"transport error","timestamp":"2026-08-20T21:09:24.045Z"}
{"level":"info","message":"[main] Strapi system client connected","socketId":"LSOwbQ6T2PoqsHzhAAAV","timestamp":"2026-08-20T21:09:25.383Z"}
{"level":"info","message":"[strapi-relay] Strapi system client disconnected","reason":"transport close","timestamp":"2026-08-20T21:09:25.387Z"}
{"level":"info","message":"[main] Strapi system client connected","socketId":"JKN7mw8nIwOfc1fKAAAX","timestamp":"2026-08-20T21:09:26.906Z"}
{"level":"info","message":"[strapi-relay] Strapi system client disconnected","reason":"transport close","timestamp":"2026-08-20T21:09:27.828Z"}
{"level":"info","message":"[main] Strapi system client connected","socketId":"s_K93ic9RXxz7l_aAAAZ","timestamp":"2026-08-20T21:09:29.708Z"}
{"level":"info","message":"[main] Strapi system client connected","socketId":"G8APuNNXeSHajQ8NAAAb","timestamp":"2026-08-20T21:22:31.283Z"}
{"level":"info","message":"[strapi-relay] Strapi system client disconnected","reason":"transport close","timestamp":"2026-08-21T04:23:35.093Z"}
{"level":"info","message":"[main] Strapi system client connected","socketId":"DB0rtvDg8dPB6WzEAAAd","timestamp":"2026-08-21T04:23:41.478Z"}
{"level":"info","message":"[strapi-relay] Strapi system client disconnected","reason":"transport close","timestamp":"2026-08-21T10:28:56.497Z"}
{"level":"info","message":"[main] Strapi system client connected","socketId":"WTPejdahYReRPrnNAAAf","timestamp":"2026-08-21T10:29:26.159Z"}
